{"logTime": "0815/093314", "correlationVector":"wLPXa843Ux+/W9UH3CIEa9.1","action":"SyncServerConnectionManagerRequest", "result":"SYNC_SERVER_OK", "context":{"environment":"Prod_westus_prod-s01-081-nam-westus", "migrationStage":"NotStarted", "server":"akswtt10700000k"}}
{"logTime": "0815/093314", "correlationVector":"wLPXa843Ux+/W9UH3CIEa9.2","action":"ProcessGetUpdates", "result":"Done", "context":{"dataType":"Encryption Keys", "deleted":"0", "process_failed_to_decrypt":"0", "process_pending_decryption":"0", "process_success":"1", "total":"1"}}
{"logTime": "0815/093317", "correlationVector":"Kw/59BHX18dcyZ4YS0IZDZ","action":"SyncServerConnectionManagerRequest", "result":"SYNC_SERVER_OK", "context":{"environment":"", "migrationStage":"", "server":""}}
{"logTime": "0815/093317", "correlationVector":"Kw/59BHX18dcyZ4YS0IZDZ.0","action":"EncryptionKeysFetcher.DownloadKeys:", "result":"Success", "context":Key count: 10, Last key timestamp: 2026-06-25T03:16:43Z}
{"logTime": "0815/093317", "correlationVector":"Kw/59BHX18dcyZ4YS0IZDZ.1","action":"EncryptionKeysManager::SetEncryptionKeys:", "result":"Success", "context":Key names[10]:[T1+vSWqLPm1DdPs9u8rdZtqofd2yKbAAbxiMPkTxxmZV4mxlWo6Va7g455uRza3qrPAmHUyzY25TynlheNBSoQ==][j1yfUaLRseKayU582c4XZfF2WJaNlmP2gPbkPUBk00aMcYC773laYkLXW4mAdDAuD20MsHhwRsAO7rDfpwaWcw==][SUFyzXdL8PKfAGxmcCht3yWwTZb38RLpaEaG5Rr6imyZZS5Zwe2egIioTVYZ9g+3xlMbVBguM01r7he0nNf0dw==][Xa0ejdkvi9s4tTVgE84KApLbwZMFflrJBR5VHzyQ+M5hJhQTOr3/RLEeE72eixC1uYldgl90ajW4ZICBXXx7/A==][Hj8mTDyJyzuwXh1w4ojp0N3CDDwMAUpHrtnc7bkAB3LbZkYjtlSXBSzlDQqpfd8d7Ixd1+SIyu1OK1YccsgASQ==][4da5hTwuKuHPBEpm5Jk77z4mhcW4kig3ZseTqLRYW9NvHJW3QtV15wpSe0WiWkbsNyy8BP5l9xFBF1MvOGL77g==][w0ySVaSF2zn1x/g9vPVHurUMKvzrZJeQANqfxDKQEZb3+Q6jgAd04DO2sJX3b+X7WkjLhscLHdq+KYRni5Ji6w==][df7+5VJ925DtV5mOvzCxYO1LwwvZC/Mg8l425Kye9AYXQIVnlCb2jw0IiZU7G94uw9SF9OdPsIIvLIJ8MQvM6g==][0UcW5nKxqywI96J5OBlRuVRgACzpgV0mnFxcIDlVBEGKxovXxnZegtPrf4FJx5y4AbtpFTNNL+iMPQW8e8FQ+g==][c/dgb/XwQDJkiAkxUmdq0Fx6+0/Uvs8d8bUf3pGu86lkB4P4FE65Eqj3oVHclOFZZylRXPA8XGil/ZZxKVHlyQ==]}
{"logTime": "0815/093317", "correlationVector":"Kw/59BHX18dcyZ4YS0IZDZ.2","action":"EncryptionKeysManager::SetEncryptionKeysWithTimestamps:", "result":"Success", "context":Key timestamps[10]:[2023-06-18T09:26:40Z][2023-12-16T06:21:54Z][2024-05-15T15:56:34Z][2024-06-27T03:46:20Z][2024-09-06T02:32:38Z][2024-11-30T16:26:33Z][2025-04-02T03:00:24Z][2025-06-28T07:03:20Z][2025-12-26T13:41:10Z][2026-06-25T03:16:43Z]}
{"logTime": "0815/093317", "correlationVector":"wLPXa843Ux+/W9UH3CIEa9","action":"Initial GetUpdates", "result":"", "context":Reason: NEW_CLIENT. cV=wLPXa843Ux+/W9UH3CIEa9}
{"logTime": "0815/093317", "correlationVector":"wLPXa843Ux+/W9UH3CIEa9.3","action":"GetUpdates Response", "result":"Success", "context":Received 1 update(s). cV=wLPXa843Ux+/W9UH3CIEa9.0;server=akswtt10700000k;cloudType=Consumer;environment=Prod_westus_prod-s01-081-nam-westus;migrationStage=NotStarted}
{"logTime": "0815/093317", "correlationVector":"6K2MhIgGFdQ4DyctrXw+uQ","action":"Initial GetUpdates", "result":"", "context":Reason: NEWLY_SUPPORTED_DATATYPE. cV=6K2MhIgGFdQ4DyctrXw+uQ}
{"logTime": "0815/093320", "correlationVector":"6K2MhIgGFdQ4DyctrXw+uQ.1","action":"SyncServerConnectionManagerRequest", "result":"SYNC_SERVER_OK", "context":{"environment":"Prod_westus_prod-s01-081-nam-westus", "migrationStage":"NotStarted", "server":"akswtt10700001g"}}
{"logTime": "0815/093320", "correlationVector":"6K2MhIgGFdQ4DyctrXw+uQ.2","action":"ProcessGetUpdates", "result":"Done", "context":{"dataType":"Passwords", "deleted":"1", "process_failed_to_decrypt":"0", "process_pending_decryption":"0", "process_success":"43", "total":"43"}}
{"logTime": "0815/093320", "correlationVector":"6K2MhIgGFdQ4DyctrXw+uQ.3","action":"ProcessGetUpdates", "result":"Done", "context":{"dataType":"Device Info", "deleted":"0", "process_failed_to_decrypt":"0", "process_pending_decryption":"0", "process_success":"4", "total":"4"}}
{"logTime": "0815/093320", "correlationVector":"6K2MhIgGFdQ4DyctrXw+uQ.4","action":"GetUpdates Response", "result":"Success", "context":Received 47 update(s). cV=6K2MhIgGFdQ4DyctrXw+uQ.0;server=akswtt10700001g;cloudType=Consumer;environment=Prod_westus_prod-s01-081-nam-westus;migrationStage=NotStarted}
{"logTime": "0815/093320", "correlationVector":"cHoDYr4ZP8SS5gC/9Ak671","action":"Initial GetUpdates", "result":"", "context":Reason: NEWLY_SUPPORTED_DATATYPE. cV=cHoDYr4ZP8SS5gC/9Ak671}
{"logTime": "0815/093321", "correlationVector":"cHoDYr4ZP8SS5gC/9Ak671.1","action":"SyncServerConnectionManagerRequest", "result":"SYNC_SERVER_OK", "context":{"environment":"Prod_westus_prod-s01-081-nam-westus", "migrationStage":"NotStarted", "server":"akswtt10700001g"}}
{"logTime": "0815/093321", "correlationVector":"cHoDYr4ZP8SS5gC/9Ak671.2","action":"ProcessGetUpdates", "result":"Done", "context":{"dataType":"Bookmarks", "deleted":"20", "process_failed_to_decrypt":"0", "process_pending_decryption":"0", "process_success":"59", "total":"59"}}
{"logTime": "0815/093321", "correlationVector":"cHoDYr4ZP8SS5gC/9Ak671.3","action":"ProcessGetUpdates", "result":"Done", "context":{"dataType":"Preferences", "deleted":"0", "process_failed_to_decrypt":"0", "process_pending_decryption":"0", "process_success":"82", "total":"82"}}
{"logTime": "0815/093321", "correlationVector":"cHoDYr4ZP8SS5gC/9Ak671.4","action":"ProcessGetUpdates", "result":"Done", "context":{"dataType":"Autofill", "deleted":"0", "process_failed_to_decrypt":"0", "process_pending_decryption":"0", "process_success":"74", "total":"74"}}
{"logTime": "0815/093321", "correlationVector":"cHoDYr4ZP8SS5gC/9Ak671.5","action":"ProcessGetUpdates", "result":"Done", "context":{"dataType":"Sessions", "deleted":"26", "process_failed_to_decrypt":"0", "process_pending_decryption":"0", "process_success":"26", "total":"26"}}
{"logTime": "0815/093321", "correlationVector":"cHoDYr4ZP8SS5gC/9Ak671.6","action":"ProcessGetUpdates", "result":"Done", "context":{"dataType":"Extension settings", "deleted":"0", "process_failed_to_decrypt":"0", "process_pending_decryption":"0", "process_success":"7", "total":"7"}}
{"logTime": "0815/093321", "correlationVector":"cHoDYr4ZP8SS5gC/9Ak671.7","action":"ProcessGetUpdates", "result":"Done", "context":{"dataType":"Saved Tab Group", "deleted":"2", "process_failed_to_decrypt":"0", "process_pending_decryption":"0", "process_success":"2", "total":"2"}}
{"logTime": "0815/093321", "correlationVector":"cHoDYr4ZP8SS5gC/9Ak671.8","action":"GetUpdates Response", "result":"Success", "context":Received 250 update(s). cV=cHoDYr4ZP8SS5gC/9Ak671.0;server=akswtt10700001g;cloudType=Consumer;environment=Prod_westus_prod-s01-081-nam-westus;migrationStage=NotStarted Some updates remain.}
{"logTime": "0815/093321", "correlationVector":"D+BA8vrviI5RTjDDYMeWfN","action":"Initial GetUpdates", "result":"", "context":Reason: NEWLY_SUPPORTED_DATATYPE. cV=D+BA8vrviI5RTjDDYMeWfN}
{"logTime": "0815/093321", "correlationVector":"D+BA8vrviI5RTjDDYMeWfN","action":"SyncServerConnectionManagerRequest", "result":"CONNECTION_UNAVAILABLE", "context":{"error_type":"net_error_code", "error_value":"-3"}}
